{
  "conversations": [
    {
      "dialog": "Well, what were you expecting?",
      "character": "Player"
    },

    {
      "dialog": "Just to do my part, come home, try something else maybe. But it just kept getting delayed. By the time Melissa got taken, we were so deep in it. We knew we weren't goin home.",
      "links": [
        {
          "word": "somthing",
          "goto": "Somthing"
        },
        {
          "word": "Melissa",
          "goto": "Melissa"
        }
      ]
    }
  ]
}